[www.chennaieventmanagementservice.com/index.html]
[backblue.gif]
[fade.gif]
[index.html]
[www.chennaieventmanagementservice.com/assets/images/home/favicon.png]
[www.chennaieventmanagementservice.com/assets/css/bootstrap.min.css]
[www.chennaieventmanagementservice.com/assets/css/swiper.min.css]
[www.chennaieventmanagementservice.com/assets/css/aos.css]
[www.chennaieventmanagementservice.com/assets/css/main.css]
[www.chennaieventmanagementservice.com/assets/css/style.css]
[www.chennaieventmanagementservice.com/assets/css/custom.css]
[www.chennaieventmanagementservice.com/assets/css/responsive.css]
[www.chennaieventmanagementservice.com/assets/font/flaticon_normal-icon.css]
[www.chennaieventmanagementservice.com/assets/css/fancybox-min.css]
[www.chennaieventmanagementservice.com/event-management-company-chennai.html]
[www.chennaieventmanagementservice.com/event-planner-organiser.html]
[www.chennaieventmanagementservice.com/corporate-event-organizer-chennai.html]
[www.chennaieventmanagementservice.com/wedding-management-planner.html]
[www.chennaieventmanagementservice.com/reception-events-management.html]
[www.chennaieventmanagementservice.com/engagement-ceremony-planner.html]
[www.chennaieventmanagementservice.com/birthday-party-event-organizer.html]
[www.chennaieventmanagementservice.com/luxury-lifestyle-event-planners.html]
[www.chennaieventmanagementservice.com/baby-shower-planner-organizer.html]
[www.chennaieventmanagementservice.com/puberty-function-event-planner.html]
[www.chennaieventmanagementservice.com/naming-ceremony-event-organizer.html]
[www.chennaieventmanagementservice.com/housewarming-event-organizer.html]
[www.chennaieventmanagementservice.com/anniversary-planner-organizer.html]
[www.chennaieventmanagementservice.com/get-togethers-reunions-event-planner.html]
[www.chennaieventmanagementservice.com/pongal-event-organizer.html]
[www.chennaieventmanagementservice.com/christmas-event-planner.html]
[www.chennaieventmanagementservice.com/new-year-event-planner.html]
[www.chennaieventmanagementservice.com/cultural-programs-traditional-event-planner.html]
[www.chennaieventmanagementservice.com/school-college-event-planner.html]
[www.chennaieventmanagementservice.com/community-public-events.html]
[www.chennaieventmanagementservice.com/corporate-event-planner-organizer.html]
[www.chennaieventmanagementservice.com/conference-seminars-organizer.html]
[www.chennaieventmanagementservice.com/product-launch-event-planner.html]
[www.chennaieventmanagementservice.com/award-ceremony-event-planner.html]
[www.chennaieventmanagementservice.com/team-building-activities-planner.html]
[www.chennaieventmanagementservice.com/trade-show-exhibition-planner.html]
[www.chennaieventmanagementservice.com/corporate-retreats-event-planner.html]
[www.chennaieventmanagementservice.com/live-music-concert-planner.html]
[www.chennaieventmanagementservice.com/channel-partner-meeting-planner.html]
[www.chennaieventmanagementservice.com/dealer-meet-event-management.html]
[www.chennaieventmanagementservice.com/conclave-event-planner.html]
[www.chennaieventmanagementservice.com/corporate-summit-event-planner.html]
[www.chennaieventmanagementservice.com/mice-event-planner.html]
[www.chennaieventmanagementservice.com/annual-general-meeting-planner.html]
[www.chennaieventmanagementservice.com/press-conference-media-events-planner.html]
[www.chennaieventmanagementservice.com/incentive-program-trip-planner.html]
[www.chennaieventmanagementservice.com/brand-activations-event-planner.html]
[www.chennaieventmanagementservice.com/corporate-training-workshop-planner.html]
[www.chennaieventmanagementservice.com/event-planner-chennai.html]
[www.chennaieventmanagementservice.com/enquire-wedding-corporate-event-plan.html]
[www.chennaieventmanagementservice.com/assets/images/bg/msc-annual-16th-year.webp]
[www.chennaieventmanagementservice.com/assets/images/bg/msc-annual-event.webp]
[www.chennaieventmanagementservice.com/assets/images/bg/60th-birthday-event.webp]
[www.chennaieventmanagementservice.com/assets/images/bg/event-management-company.webp]
[www.chennaieventmanagementservice.com/assets/images/service-details/wedding-eventsssss.webp]
[www.chennaieventmanagementservice.com/assets/images/service-details/reception-eventss.webp]
[www.chennaieventmanagementservice.com/assets/images/service-details/engagement-ebventsss.webp]
[www.chennaieventmanagementservice.com/assets/images/service-details/birthday-evntssssss.webp]
[www.chennaieventmanagementservice.com/assets/images/service-details/baby-showerrr.webp]
[www.chennaieventmanagementservice.com/assets/images/service-details/naming-ceremonyyyy.webp]
[www.chennaieventmanagementservice.com/assets/images/service-details/pubertyy-event.webp]
[www.chennaieventmanagementservice.com/assets/images/service-details/house-warminggg.webp]
[www.chennaieventmanagementservice.com/assets/images/service-details/anniversary-event.webp]
[www.chennaieventmanagementservice.com/assets/images/service-details/reunion-events.webp]
[www.chennaieventmanagementservice.com/assets/images/service-details/pongal-events.webp]
[www.chennaieventmanagementservice.com/assets/images/service-details/christmass-events.webp]
[www.chennaieventmanagementservice.com/assets/images/service-details/new-year-event.webp]
[www.chennaieventmanagementservice.com/assets/images/service-details/cultural-events.webp]
[www.chennaieventmanagementservice.com/assets/images/service-details/culturalllss.webp]
[www.chennaieventmanagementservice.com/assets/images/service-details/public-events.webp]
[www.chennaieventmanagementservice.com/assets/images/bg/food-hub.webp]
[www.chennaieventmanagementservice.com/assets/images/bg/razzmatazz-fashion-week.webp]
[www.chennaieventmanagementservice.com/assets/images/gallery/razzmatazz-fashion-week.webp]
[www.chennaieventmanagementservice.com/assets/images/bg/madras-mosiac.webp]
[www.chennaieventmanagementservice.com/assets/images/gallery/madras-mosiac.webp]
[www.chennaieventmanagementservice.com/assets/images/bg/naturals-products-lunch.webp]
[www.chennaieventmanagementservice.com/assets/images/gallery/naturals-products-lunch.webp]
[www.chennaieventmanagementservice.com/assets/images/bg/one-plus-product-lunch.webp]
[www.chennaieventmanagementservice.com/assets/images/gallery/one-plus-product-lunch.webp]
[www.chennaieventmanagementservice.com/assets/images/bg/annual-event.webp]
[www.chennaieventmanagementservice.com/assets/images/gallery/annual-event.webp]
[www.chennaieventmanagementservice.com/assets/images/bg/msc-annual-events.webp]
[www.chennaieventmanagementservice.com/assets/images/gallery/msc-annual-event.webp]
[www.chennaieventmanagementservice.com/assets/js/jquery.min.js]
[www.chennaieventmanagementservice.com/assets/js/bootstrap.min.js]
[www.chennaieventmanagementservice.com/assets/js/jquery.validate.min.js]
[www.chennaieventmanagementservice.com/assets/js/additional-methods.min.js]
[www.chennaieventmanagementservice.com/assets/js/swiper.min.js]
[www.chennaieventmanagementservice.com/assets/js/aos.js]
[www.chennaieventmanagementservice.com/assets/js/smooth-scroll.js]
[www.chennaieventmanagementservice.com/assets/js/fancybox-min.js]
[www.chennaieventmanagementservice.com/assets/js/lazysizes.min.js]
[www.chennaieventmanagementservice.com/assets/js/main.js]
[www.chennaieventmanagementservice.com/index.html]
[www.chennaieventmanagementservice.com/assets/css/bootstrap.min.css]
[www.chennaieventmanagementservice.com/assets/css/swiper.min.css]
[www.chennaieventmanagementservice.com/assets/css/aos.css]
[www.chennaieventmanagementservice.com/assets/images/bg/budget-wedding-banquet-hall-scaled.webp]
[www.chennaieventmanagementservice.com/assets/css/main.css]
[www.chennaieventmanagementservice.com/assets/images/bg/cta-evnt-prouction-company.webp]
[www.chennaieventmanagementservice.com/assets/images/bg/dots.png]
[www.chennaieventmanagementservice.com/assets/css/style.css]
[www.chennaieventmanagementservice.com/assets/css/custom.css]
[www.chennaieventmanagementservice.com/assets/css/responsive.css]
[www.chennaieventmanagementservice.com/assets/font/flaticon_normal-icone0b3.woff2]
[www.chennaieventmanagementservice.com/assets/font/flaticon_normal-icone0b3.woff]
[www.chennaieventmanagementservice.com/assets/font/flaticon_normal-icone0b3.eot]
[www.chennaieventmanagementservice.com/assets/font/flaticon_normal-icone0b3.ttf]
[www.chennaieventmanagementservice.com/assets/font/flaticon_normal-icon.css]
[www.chennaieventmanagementservice.com/assets/css/fancybox-min.css]
[www.googletagmanager.com/gtm5445.html]
[www.chennaieventmanagementservice.com/assets/images/home/chennai-event-management.svg]
[www.chennaieventmanagementservice.com/assets/images/bg/abt-g-production.png]
[www.chennaieventmanagementservice.com/event-management-company-chennai.html]
[www.chennaieventmanagementservice.com/assets/images/service-details/coorporate-team-events.webp]
[www.chennaieventmanagementservice.com/assets/images/service-details/luxury-lifestyle-events.webp]
[www.chennaieventmanagementservice.com/event-planner-organiser.html]
[www.chennaieventmanagementservice.com/assets/images/service-details/coorporate-events-chennai.webp]
[www.chennaieventmanagementservice.com/assets/images/service-details/buisiness-coorporates.webp]
[www.chennaieventmanagementservice.com/corporate-event-organizer-chennai.html]
[www.chennaieventmanagementservice.com/assets/images/service-details/wedding-planners.webp]
[www.chennaieventmanagementservice.com/assets/images/service-details/wedding-event-palnner.webp]
[www.chennaieventmanagementservice.com/wedding-management-planner.html]
[www.chennaieventmanagementservice.com/assets/images/service-details/reception-event.webp]
[www.chennaieventmanagementservice.com/assets/images/service-details/reception-event-management.webp]
[www.chennaieventmanagementservice.com/reception-events-management.html]
[www.chennaieventmanagementservice.com/assets/images/service-details/engagement-event-organisation.webp]
[www.chennaieventmanagementservice.com/assets/images/service-details/engagement-events.webp]
[www.chennaieventmanagementservice.com/engagement-ceremony-planner.html]
[www.chennaieventmanagementservice.com/assets/images/service-details/birthday-event-management.webp]
[www.chennaieventmanagementservice.com/assets/images/service-details/bithday-events.webp]
[www.chennaieventmanagementservice.com/birthday-party-event-organizer.html]
[www.chennaieventmanagementservice.com/assets/images/service-details/luxury-evnts-plannerss.webp]
[www.chennaieventmanagementservice.com/assets/images/service-details/luxuary-event-oraganiser.webp]
[www.chennaieventmanagementservice.com/luxury-lifestyle-event-planners.html]
[www.chennaieventmanagementservice.com/assets/images/service-details/baby-chennaievent-shower.webp]
[www.chennaieventmanagementservice.com/assets/images/service-details/shower-ceremony-fuction.webp]
[www.chennaieventmanagementservice.com/baby-shower-planner-organizer.html]
[www.chennaieventmanagementservice.com/assets/images/service-details/puberty-girl-ceremony-function.webp]
[www.chennaieventmanagementservice.com/assets/images/service-details/puberty-happyfamily.webp]
[www.chennaieventmanagementservice.com/puberty-function-event-planner.html]
[www.chennaieventmanagementservice.com/assets/images/service-details/baby-naming-traditional-ceremony.webp]
[www.chennaieventmanagementservice.com/assets/images/service-details/baby-memorable event.webp]
[www.chennaieventmanagementservice.com/naming-ceremony-event-organizer.html]
[www.chennaieventmanagementservice.com/assets/images/service-details/house-warming-chennai-events.webp]
[www.chennaieventmanagementservice.com/assets/images/service-details/house-warming-chennai-ceremony.webp]
[www.chennaieventmanagementservice.com/housewarming-event-organizer.html]
[www.chennaieventmanagementservice.com/assets/images/service-details/wedding-anniversary-ks.webp]
[www.chennaieventmanagementservice.com/assets/images/service-details/anniversary-family-celebration.webp]
[www.chennaieventmanagementservice.com/anniversary-planner-organizer.html]
[www.chennaieventmanagementservice.com/assets/images/service-details/get-together-chennaievent.webp]
[www.chennaieventmanagementservice.com/assets/images/service-details/reunion-people-chennaievent.webp]
[www.chennaieventmanagementservice.com/get-togethers-reunions-event-planner.html]
[www.chennaieventmanagementservice.com/assets/images/service-details/pongal-event-managements.webp]
[www.chennaieventmanagementservice.com/assets/images/service-details/pongal-events-corporatee.webp]
[www.chennaieventmanagementservice.com/pongal-event-organizer.html]
[www.chennaieventmanagementservice.com/assets/images/service-details/christians-festival.webp]
[www.chennaieventmanagementservice.com/assets/images/service-details/christmas-decoration-happy-event.webp]
[www.chennaieventmanagementservice.com/christmas-event-planner.html]
[www.chennaieventmanagementservice.com/assets/images/service-details/chennai-event-newyear-celebration.webp]
[www.chennaieventmanagementservice.com/assets/images/service-details/special-event-newyear.webp]
[www.chennaieventmanagementservice.com/new-year-event-planner.html]
[www.chennaieventmanagementservice.com/assets/images/service-details/baratham-cultural-events.webp]
[www.chennaieventmanagementservice.com/assets/images/service-details/baratham-show.webp]
[www.chennaieventmanagementservice.com/cultural-programs-traditional-event-planner.html]
[www.chennaieventmanagementservice.com/assets/images/service-details/school-college-events.webp]
[www.chennaieventmanagementservice.com/assets/images/service-details/kis-dancing-event.webp]
[www.chennaieventmanagementservice.com/school-college-event-planner.html]
[www.chennaieventmanagementservice.com/assets/images/service-details/community-event-management.webp]
[www.chennaieventmanagementservice.com/assets/images/service-details/community-event-stage.webp]
[www.chennaieventmanagementservice.com/community-public-events.html]
[www.chennaieventmanagementservice.com/assets/images/service-details/conference-seminar-events.webp]
[www.chennaieventmanagementservice.com/assets/images/service-details/product-launching-events.webp]
[www.chennaieventmanagementservice.com/assets/images/service-details/corporate-award-events.webp]
[www.chennaieventmanagementservice.com/assets/images/service-details/team building-eventss.webp]
[www.chennaieventmanagementservice.com/assets/images/service-details/trade-exhibition-managements.webp]
[www.chennaieventmanagementservice.com/assets/images/service-details/corporate-retreats-chennaievents.webp]
[www.chennaieventmanagementservice.com/assets/images/service-details/liveconcerts-people-chennaievents.webp]
[www.chennaieventmanagementservice.com/assets/images/service-details/chennaipartner-meet-chennaievents.webp]
[www.chennaieventmanagementservice.com/assets/images/service-details/dealers-meet-chennaievents.webp]
[www.chennaieventmanagementservice.com/assets/images/service-details/conclave-meet-chennaievents.webp]
[www.chennaieventmanagementservice.com/assets/images/service-details/summits-buisiness-meet-chennaievents.webp]
[www.chennaieventmanagementservice.com/assets/images/service-details/eventplanners-meet-chennaievents.webp]
[www.chennaieventmanagementservice.com/assets/images/service-details/annual-general-meetingss.webp]
[www.chennaieventmanagementservice.com/assets/images/service-details/press-meet-evnts.webp]
[www.chennaieventmanagementservice.com/assets/images/service-details/incentiveee-programss.webp]
[www.chennaieventmanagementservice.com/assets/images/service-details/brand-activation-eventsss.webp]
[www.chennaieventmanagementservice.com/assets/images/service-details/corporate-evnts-programs.webp]
[www.chennaieventmanagementservice.com/corporate-event-planner-organizer.html]
[www.chennaieventmanagementservice.com/assets/images/service-details/corporate-eventsss.webp]
[www.chennaieventmanagementservice.com/assets/images/service-details/corporate-awards.webp]
[www.chennaieventmanagementservice.com/conference-seminars-organizer.html]
[www.chennaieventmanagementservice.com/assets/images/service-details/product-lanch-evntssss.webp]
[www.chennaieventmanagementservice.com/assets/images/service-details/product-launches.webp]
[www.chennaieventmanagementservice.com/product-launch-event-planner.html]
[www.chennaieventmanagementservice.com/assets/images/service-details/awarrd-ceremony.webp]
[www.chennaieventmanagementservice.com/assets/images/service-details/awarded-ceremony-evnts.webp]
[www.chennaieventmanagementservice.com/award-ceremony-event-planner.html]
[www.chennaieventmanagementservice.com/assets/images/service-details/team-building-corporate-events.webp]
[www.chennaieventmanagementservice.com/assets/images/service-details/team-buildings-.webp]
[www.chennaieventmanagementservice.com/team-building-activities-planner.html]
[www.chennaieventmanagementservice.com/assets/images/service-details/tradeshow-management-services.webp]
[www.chennaieventmanagementservice.com/assets/images/service-details/exhibition-managements.webp]
[www.chennaieventmanagementservice.com/trade-show-exhibition-planner.html]
[www.chennaieventmanagementservice.com/assets/images/service-details/corporate-retreats-events.webp]
[www.chennaieventmanagementservice.com/assets/images/service-details/corporate-retreatssss.webp]
[www.chennaieventmanagementservice.com/corporate-retreats-event-planner.html]
[www.chennaieventmanagementservice.com/assets/images/service-details/event-managements.webp]
[www.chennaieventmanagementservice.com/assets/images/service-details/live-cocertss.webp]
[www.chennaieventmanagementservice.com/live-music-concert-planner.html]
[www.chennaieventmanagementservice.com/assets/images/service-details/channel-partnersss-meet.webp]
[www.chennaieventmanagementservice.com/assets/images/service-details/channels-partners-meetings.webp]
[www.chennaieventmanagementservice.com/channel-partner-meeting-planner.html]
[www.chennaieventmanagementservice.com/assets/images/service-details/deelears-meet.webp]
[www.chennaieventmanagementservice.com/assets/images/service-details/dealers-events.webp]
[www.chennaieventmanagementservice.com/dealer-meet-event-management.html]
[www.chennaieventmanagementservice.com/assets/images/service-details/conclave-events.webp]
[www.chennaieventmanagementservice.com/assets/images/service-details/conclavee-event-planners.webp]
[www.chennaieventmanagementservice.com/conclave-event-planner.html]
[www.chennaieventmanagementservice.com/assets/images/service-details/summits-office-event.webp]
[www.chennaieventmanagementservice.com/assets/images/service-details/summits-office-event-organiser.webp]
[www.chennaieventmanagementservice.com/corporate-summit-event-planner.html]
[www.chennaieventmanagementservice.com/assets/images/service-details/tech-conference.webp]
[www.chennaieventmanagementservice.com/assets/images/service-details/cultural-planning.webp]
[www.chennaieventmanagementservice.com/mice-event-planner.html]
[www.chennaieventmanagementservice.com/assets/images/service-details/annual-greeting-stage.webp]
[www.chennaieventmanagementservice.com/assets/images/service-details/annual-gendral-meet.webp]
[www.chennaieventmanagementservice.com/annual-general-meeting-planner.html]
[www.chennaieventmanagementservice.com/assets/images/service-details/press-meet-confrence.webp]
[www.chennaieventmanagementservice.com/assets/images/service-details/presss-meet-conferencesss.webp]
[www.chennaieventmanagementservice.com/press-conference-media-events-planner.html]
[www.chennaieventmanagementservice.com/assets/images/service-details/corporate-event-tripssss.webp]
[www.chennaieventmanagementservice.com/assets/images/service-details/corporate-retreatssss-event.webp]
[www.chennaieventmanagementservice.com/incentive-program-trip-planner.html]
[www.chennaieventmanagementservice.com/assets/images/service-details/brand-activation-organisers.webp]
[www.chennaieventmanagementservice.com/assets/images/service-details/brand-activation-events.webp]
[www.chennaieventmanagementservice.com/brand-activations-event-planner.html]
[www.chennaieventmanagementservice.com/assets/images/service-details/corporate-traininngss.webp]
[www.chennaieventmanagementservice.com/assets/images/service-details/corporate-traings-organiser.webp]
[www.chennaieventmanagementservice.com/corporate-training-workshop-planner.html]
[www.chennaieventmanagementservice.com/assets/images/bg/professional-event-management.webp]
[www.chennaieventmanagementservice.com/event-planner-chennai.html]
[www.chennaieventmanagementservice.com/enquire-wedding-corporate-event-plan.html]
[www.chennaieventmanagementservice.com/assets/images/svg/conference.svg]
[www.chennaieventmanagementservice.com/assets/images/svg/product-launch.svg]
[www.chennaieventmanagementservice.com/assets/images/svg/award-ceremonies.svg]
[www.chennaieventmanagementservice.com/assets/images/svg/team-building.svg]
[www.chennaieventmanagementservice.com/assets/images/svg/exhibition.svg]
[www.chennaieventmanagementservice.com/assets/images/svg/corporate-retreats.svg]
[www.chennaieventmanagementservice.com/assets/images/svg/luxury-lifestyle-events.svg]
[www.chennaieventmanagementservice.com/assets/images/svg/concerts.svg]
[www.chennaieventmanagementservice.com/assets/images/svg/workshops.svg]
[www.chennaieventmanagementservice.com/assets/images/svg/collaboration-event.svg]
[www.chennaieventmanagementservice.com/assets/images/svg/dealer.svg]
[www.chennaieventmanagementservice.com/assets/images/svg/conclaves.svg]
[www.chennaieventmanagementservice.com/assets/images/svg/summits.svg]
[www.chennaieventmanagementservice.com/assets/images/svg/event-planning.svg]
[www.chennaieventmanagementservice.com/assets/images/svg/annual-meeting.svg]
[www.chennaieventmanagementservice.com/assets/images/svg/media-events.svg]
[www.chennaieventmanagementservice.com/assets/images/svg/incentive.svg]
[www.chennaieventmanagementservice.com/assets/images/svg/promotional-events.svg]
[www.chennaieventmanagementservice.com/assets/images/svg/partnership.svg]
[www.chennaieventmanagementservice.com/assets/images/svg/relationship.svg]
[www.chennaieventmanagementservice.com/assets/images/svg/wedding.svg]
[www.chennaieventmanagementservice.com/assets/images/svg/service.svg]
[www.chennaieventmanagementservice.com/assets/images/svg/camera.svg]
[www.chennaieventmanagementservice.com/assets/images/svg/loyal-customer.svg]
[www.chennaieventmanagementservice.com/assets/images/svg/intelligence.svg]
[www.chennaieventmanagementservice.com/assets/images/svg/branding.svg]
[www.chennaieventmanagementservice.com/assets/images/svg/personal-approach.svg]
[www.chennaieventmanagementservice.com/assets/images/svg/end-complete-solution.svg]
[www.chennaieventmanagementservice.com/assets/images/svg/attention-to-detail.svg]
[www.chennaieventmanagementservice.com/assets/images/svg/female.svg]
[www.chennaieventmanagementservice.com/assets/images/svg/man-profile.svg]
[www.chennaieventmanagementservice.com/assets/images/svg/whatsapp.svg]
[www.chennaieventmanagementservice.com/assets/images/svg/call-us.svg]
[www.chennaieventmanagementservice.com/assets/font/flaticon_normal-icone0b3.svg]
[www.chennaieventmanagementservice.com/assets/images/svg/misiions.svg]
[www.chennaieventmanagementservice.com/assets/images/svg/visions.svg]
[www.chennaieventmanagementservice.com/assets/images/svg/personall-family-celebrationss.svg]
[www.chennaieventmanagementservice.com/assets/images/svg/cultural-traditional-eventsss.svg]
[www.chennaieventmanagementservice.com/assets/images/svg/educationn.svg]
[www.chennaieventmanagementservice.com/assets/images/svg/corporate-eventssss.svg]
[www.chennaieventmanagementservice.com/assets/images/svg/wedding-venue.svg]
[www.chennaieventmanagementservice.com/assets/images/svg/party-decor.svg]
[www.chennaieventmanagementservice.com/assets/images/svg/catering.svg]
[www.chennaieventmanagementservice.com/assets/images/svg/seating.svg]
[www.chennaieventmanagementservice.com/assets/images/svg/light-garland.svg]
[www.chennaieventmanagementservice.com/assets/images/svg/sound.svg]
[www.chennaieventmanagementservice.com/assets/images/svg/concert-stage-performance-platform.svg]
[www.chennaieventmanagementservice.com/assets/images/svg/photography.svg]
[www.chennaieventmanagementservice.com/assets/images/svg/delivery-logistics-list.svg]
[www.chennaieventmanagementservice.com/assets/images/svg/coordination.svg]
[www.chennaieventmanagementservice.com/assets/images/svg/starts-up.svg]
[www.chennaieventmanagementservice.com/assets/images/svg/event-venue.svg]
[www.chennaieventmanagementservice.com/assets/images/svg/event-plannerss.svg]
[www.chennaieventmanagementservice.com/assets/images/svg/corporate-companies.svg]
[www.chennaieventmanagementservice.com/assets/images/svg/company-executives.svg]
[www.chennaieventmanagementservice.com/assets/images/svg/educational-institution.svg]
[www.chennaieventmanagementservice.com/assets/images/svg/ngo.svg]
[www.chennaieventmanagementservice.com/assets/images/svg/expert -event-palnning.svg]
[www.chennaieventmanagementservice.com/assets/images/svg/creative-design-event.svg]
[www.chennaieventmanagementservice.com/assets/images/svg/seemless-technical.svg]
[www.chennaieventmanagementservice.com/assets/images/svg/personalised-wedding.svg]
[www.chennaieventmanagementservice.com/assets/images/svg/end-to-end-location.svg]
[www.chennaieventmanagementservice.com/assets/images/svg/investorss.svg]
[www.chennaieventmanagementservice.com/assets/images/svg/employee-organizations.svg]
[www.chennaieventmanagementservice.com/assets/images/svg/partners-company.svg]
[www.chennaieventmanagementservice.com/assets/images/svg/regulators.svg]
[www.chennaieventmanagementservice.com/assets/images/svg/customres.svg]
[www.chennaieventmanagementservice.com/assets/images/svg/elegant-decor.svg]
[www.chennaieventmanagementservice.com/assets/images/svg/customize-events.svg]
[www.chennaieventmanagementservice.com/assets/images/svg/co-ordination.svg]
[www.chennaieventmanagementservice.com/assets/images/svg/custom-catering-service.svg]
[www.chennaieventmanagementservice.com/assets/images/svg/entertainment-option.svg]
[www.chennaieventmanagementservice.com/assets/images/svg/guest-comfort.svg]
[www.chennaieventmanagementservice.com/assets/images/svg/visual-support.svg]
[www.chennaieventmanagementservice.com/assets/images/svg/themed-celebrations.svg]
[www.chennaieventmanagementservice.com/assets/images/svg/creative-expertise.svg]
[www.chennaieventmanagementservice.com/assets/images/svg/trusted-support.svg]
[www.chennaieventmanagementservice.com/assets/images/svg/guest-satisfaction.svg]
[www.chennaieventmanagementservice.com/assets/images/svg/ring-exchange.svg]
[www.chennaieventmanagementservice.com/assets/images/svg/family-blessings.svg]
[www.chennaieventmanagementservice.com/assets/images/svg/decoration-internship.svg]
[www.chennaieventmanagementservice.com/assets/images/svg/couple-entry.svg]
[www.chennaieventmanagementservice.com/assets/images/svg/cultural-ritual.svg]
[www.chennaieventmanagementservice.com/assets/images/svg/photography-services.svg]
[www.chennaieventmanagementservice.com/assets/images/svg/engagement-party.svg]
[www.chennaieventmanagementservice.com/assets/images/svg/event-solutions.svg]
[www.chennaieventmanagementservice.com/assets/images/svg/professional-teams.svg]
[www.chennaieventmanagementservice.com/assets/images/svg/quality-assurances.svg]
[www.chennaieventmanagementservice.com/assets/images/svg/entertainment.svg]
[www.chennaieventmanagementservice.com/assets/images/svg/proffesinal-team.svg]
[www.chennaieventmanagementservice.com/assets/images/svg/hight-net-worth-individuals.svg]
[www.chennaieventmanagementservice.com/assets/images/svg/branded.svg]
[www.chennaieventmanagementservice.com/assets/images/svg/business-leader.svg]
[www.chennaieventmanagementservice.com/assets/images/svg/trade-assosiates.svg]
[www.chennaieventmanagementservice.com/assets/images/svg/art-culture-evnts.svg]
[www.chennaieventmanagementservice.com/assets/images/svg/social-clubs.svg]
[www.chennaieventmanagementservice.com/assets/images/svg/venue.svg]
[www.chennaieventmanagementservice.com/assets/images/svg/stressless-event.svg]
[www.chennaieventmanagementservice.com/assets/images/svg/memorable-experiance-chennai.svg]
[www.chennaieventmanagementservice.com/assets/images/svg/cultural-activities.svg]
[www.chennaieventmanagementservice.com/assets/images/svg/eventplanning.svg]
[www.chennaieventmanagementservice.com/assets/images/svg/small-medium-business.svg]
[www.chennaieventmanagementservice.com/assets/images/svg/efficient-event-management.svg]
[www.chennaieventmanagementservice.com/assets/images/svg/stree-free-planning.svg]
[www.chennaieventmanagementservice.com/assets/images/svg/event-concept-creative.svg]
[www.chennaieventmanagementservice.com/assets/images/svg/musicians-performer.svg]
[www.chennaieventmanagementservice.com/assets/images/svg/healthcare-pharma.svg]
[www.chennaieventmanagementservice.com/assets/images/svg/government-organisation.svg]
[www.chennaieventmanagementservice.com/assets/images/svg/corporate-events.svg]
[www.chennaieventmanagementservice.com/assets/images/svg/proffessional-excution.svg]
[www.chennaieventmanagementservice.com/assets/images/svg/corporate-business.svg]
[www.chennaieventmanagementservice.com/assets/images/svg/startups.svg]
[www.chennaieventmanagementservice.com/assets/images/svg/technology-firms.svg]
[www.chennaieventmanagementservice.com/assets/images/svg/government-organization.svg]
[www.chennaieventmanagementservice.com/assets/images/svg/ngo-non-profit.svg]
[www.chennaieventmanagementservice.com/assets/images/svg/event-plannings.svg]
[www.chennaieventmanagementservice.com/assets/images/svg/market-positioning.svg]
[www.chennaieventmanagementservice.com/assets/images/svg/event-concepts.svg]
[www.chennaieventmanagementservice.com/assets/images/svg/education-instituion.svg]
[www.chennaieventmanagementservice.com/assets/images/svg/non-profit-organisation.svg]
[www.chennaieventmanagementservice.com/assets/images/svg/remote-teams.svg]
[www.chennaieventmanagementservice.com/assets/images/svg/government-organizations.svg]
[www.chennaieventmanagementservice.com/assets/images/svg/customised-solution.svg]
[www.chennaieventmanagementservice.com/assets/images/svg/balanced-learning.svg]
[www.chennaieventmanagementservice.com/assets/images/svg/industry-association.svg]
[www.chennaieventmanagementservice.com/assets/images/svg/marketing-agencies.svg]
[www.chennaieventmanagementservice.com/assets/images/svg/proven-event-expertise.svg]
[www.chennaieventmanagementservice.com/assets/images/svg/event-plans.svg]
[www.chennaieventmanagementservice.com/assets/images/svg/booth-designs.svg]
[www.chennaieventmanagementservice.com/assets/images/svg/startup.svg]
[www.chennaieventmanagementservice.com/assets/images/svg/growing-compaines.svg]
[www.chennaieventmanagementservice.com/assets/images/svg/leadership.svg]
[www.chennaieventmanagementservice.com/assets/images/svg/sales-team.svg]
[www.chennaieventmanagementservice.com/assets/images/svg/creative-thinking.svg]
[www.chennaieventmanagementservice.com/assets/images/svg/remote-team-management.svg]
[www.chennaieventmanagementservice.com/assets/images/svg/onboarding.svg]
[www.chennaieventmanagementservice.com/assets/images/svg/schedule-eventplanning.svg]
[www.chennaieventmanagementservice.com/assets/images/svg/team-activities.svg]
[www.chennaieventmanagementservice.com/assets/images/svg/business-growth.svg]
[www.chennaieventmanagementservice.com/assets/images/svg/musical-band.svg]
[www.chennaieventmanagementservice.com/assets/images/svg/venues.svg]
[www.chennaieventmanagementservice.com/assets/images/svg/hassel-free.svg]
[www.chennaieventmanagementservice.com/assets/images/svg/safety-security.svg]
[www.chennaieventmanagementservice.com/assets/images/svg/corporate-clients.svg]
[www.chennaieventmanagementservice.com/assets/images/svg/entrepreneur.svg]
[www.chennaieventmanagementservice.com/assets/images/svg/wedding-private-client.svg]
[www.chennaieventmanagementservice.com/assets/images/svg/experienced-team.svg]
[www.chennaieventmanagementservice.com/assets/images/svg/adaptability.svg]
[www.chennaieventmanagementservice.com/assets/images/svg/execution.svg]
[www.chennaieventmanagementservice.com/assets/images/svg/automotive-industry.svg]
[www.chennaieventmanagementservice.com/assets/images/svg/consumer-electroniuvss.svg]
[www.chennaieventmanagementservice.com/assets/images/svg/fmcg-sector.svg]
[www.chennaieventmanagementservice.com/assets/images/svg/phara-mediacl.svg]
[www.chennaieventmanagementservice.com/assets/images/svg/real-estate-agent.svg]
[www.chennaieventmanagementservice.com/assets/images/svg/textile-apperal.svg]
[www.chennaieventmanagementservice.com/assets/images/svg/industrial-equpiment.svg]
[www.chennaieventmanagementservice.com/assets/images/svg/corporate-leader.svg]
[www.chennaieventmanagementservice.com/assets/images/svg/proffessions.svg]
[www.chennaieventmanagementservice.com/assets/images/svg/industry-associations.svg]
[www.chennaieventmanagementservice.com/assets/images/svg/education.svg]
[www.chennaieventmanagementservice.com/assets/images/svg/capital-venture.svg]
[www.chennaieventmanagementservice.com/assets/images/svg/healthcare-institutions.svg]
[www.chennaieventmanagementservice.com/assets/images/svg/corporation.svg]
[www.chennaieventmanagementservice.com/assets/images/svg/event-marketing.svg]
[www.chennaieventmanagementservice.com/assets/images/svg/expert-summit-management.svg]
[www.chennaieventmanagementservice.com/assets/images/svg/custom-event.svg]
[www.chennaieventmanagementservice.com/assets/images/svg/help-desk.svg]
[www.chennaieventmanagementservice.com/assets/images/svg/international-organisation.svg]
[www.chennaieventmanagementservice.com/assets/images/svg/travel-tourism.svg]
[www.chennaieventmanagementservice.com/assets/images/svg/custamised-planning.svg]
[www.chennaieventmanagementservice.com/assets/images/svg/smooth-excution-support.svg]
[www.chennaieventmanagementservice.com/assets/images/svg/share-holders.svg]
[www.chennaieventmanagementservice.com/assets/images/svg/board-directors.svg]
[www.chennaieventmanagementservice.com/assets/images/svg/sports-team.svg]
[www.chennaieventmanagementservice.com/assets/images/svg/retail-ecommerce.svg]
[www.chennaieventmanagementservice.com/assets/images/svg/increase-employee.svg]
[www.chennaieventmanagementservice.com/assets/images/svg/improves-work.svg]
[www.chennaieventmanagementservice.com/assets/images/svg/loyalty.svg]
[www.chennaieventmanagementservice.com/assets/images/svg/top-talent.svg]
[www.chennaieventmanagementservice.com/assets/images/svg/sales-growthh.svg]
[www.chennaieventmanagementservice.com/assets/images/svg/innovation.svg]
[www.chennaieventmanagementservice.com/assets/images/svg/media.svg]
[www.chennaieventmanagementservice.com/assets/images/svg/indivudual-learning.svg]
